Pilot Ready Automation Starting
Environment: dev
Package manager: npm
Node: node not found
NPM: 11.9.0
Cleaning workspace artifacts
npm warn using --force Recommended protections disabled.
Installing dependencies
npm error code EUSAGE
npm error
npm error The `npm ci` command can only install with an existing package-lock.json or
npm error npm-shrinkwrap.json with lockfileVersion >= 1. Run an install with npm@5 or
npm error later to generate a package-lock.json file, then try again.
npm error
npm error Clean install a project
npm error
npm error Usage:
npm error npm ci
npm error
npm error Options:
npm error [--install-strategy <hoisted|nested|shallow|linked>] [--legacy-bundling]
npm error [--global-style] [--omit <dev|optional|peer> [--omit <dev|optional|peer> ...]]
npm error [--include <prod|dev|optional|peer> [--include <prod|dev|optional|peer> ...]]
npm error [--strict-peer-deps] [--foreground-scripts] [--ignore-scripts]
npm error [--allow-git <all|none|root>] [--no-audit] [--no-bin-links] [--no-fund]
npm error [--dry-run]
npm error [-w|--workspace <workspace-name> [-w|--workspace <workspace-name> ...]]
npm error [--workspaces] [--include-workspace-root] [--install-links]
npm error
npm error aliases: clean-install, ic, install-clean, isntall-clean
npm error
npm error Run "npm help ci" for more info
npm error A complete log of this run can be found in: C:\Users\1hans\AppData\Local\npm-cache\_logs\2026-04-09T17_51_23_330Z-debug-0.log
ERROR: npm ci failed
CI mode enabled. Exiting with failure.
